../Middlewares/ST/STM32_USB_Device_Library/Class/HID/Src/usbd_hid.c:386:17:USBD_HID_Init	16	static
../Middlewares/ST/STM32_USB_Device_Library/Class/HID/Src/usbd_hid.c:411:17:USBD_HID_DeInit	16	static
../Middlewares/ST/STM32_USB_Device_Library/Class/HID/Src/usbd_hid.c:435:17:USBD_HID_Setup	40	static
../Middlewares/ST/STM32_USB_Device_Library/Class/HID/Src/usbd_hid.c:553:9:USBD_HID_SendReport	32	static
../Middlewares/ST/STM32_USB_Device_Library/Class/HID/Src/usbd_hid.c:579:10:USBD_HID_GetPollingInterval	24	static
../Middlewares/ST/STM32_USB_Device_Library/Class/HID/Src/usbd_hid.c:608:18:USBD_HID_GetFSCfgDesc	16	static
../Middlewares/ST/STM32_USB_Device_Library/Class/HID/Src/usbd_hid.c:621:18:USBD_HID_GetHSCfgDesc	16	static
../Middlewares/ST/STM32_USB_Device_Library/Class/HID/Src/usbd_hid.c:634:18:USBD_HID_GetOtherSpeedCfgDesc	16	static
../Middlewares/ST/STM32_USB_Device_Library/Class/HID/Src/usbd_hid.c:647:17:USBD_HID_DataIn	16	static
../Middlewares/ST/STM32_USB_Device_Library/Class/HID/Src/usbd_hid.c:664:18:USBD_HID_GetDeviceQualifierDesc	16	static
