../Core/Src/main.c:116:6:HAL_GPIO_EXTI_Callback	16	static
../Core/Src/main.c:134:5:main	16	static
../Core/Src/main.c:289:6:SystemClock_Config	88	static
../Core/Src/main.c:337:13:MX_ADC1_Init	24	static
../Core/Src/main.c:384:13:MX_ADC2_Init	24	static
../Core/Src/main.c:431:13:MX_I2C1_Init	8	static
../Core/Src/main.c:465:13:MX_TIM1_Init	96	static
../Core/Src/main.c:540:13:MX_TIM2_Init	56	static
../Core/Src/main.c:589:13:MX_TIM3_Init	56	static
../Core/Src/main.c:638:13:MX_GPIO_Init	40	static
../Core/Src/main.c:690:6:Error_Handler	4	static,ignoring_inline_asm
