../Core/Src/main.c:75:6:MCP23017_Init	32	static
../Core/Src/main.c:84:9:MCP23017_Read_GPIOA	32	static
../Core/Src/main.c:91:9:MCP23017_Read_GPIOB	32	static
../Core/Src/main.c:98:6:MCP23017_WriteRegister	32	static
../Core/Src/main.c:102:6:MCP23017_EnablePullUps	8	static
../Core/Src/main.c:107:6:TLC59116_Init	40	static
../Core/Src/main.c:114:6:TLC59116_LED_ON	40	static
../Core/Src/main.c:119:6:TLC59116_LED_OFF	40	static
../Core/Src/main.c:124:6:TLC59116_LED_ALL_ON	40	static
../Core/Src/main.c:138:6:TLC59116_Set_All_PWM_Mode	40	static
../Core/Src/main.c:146:6:TLC59116_Set_PWM	40	static
../Core/Src/main.c:156:6:map	24	static
../Core/Src/main.c:166:5:main	8	static
../Core/Src/main.c:292:6:SystemClock_Config	88	static
../Core/Src/main.c:339:13:MX_ADC1_Init	24	static
../Core/Src/main.c:386:13:MX_ADC2_Init	24	static
../Core/Src/main.c:433:13:MX_I2C1_Init	8	static
../Core/Src/main.c:467:13:MX_TIM1_Init	96	static
../Core/Src/main.c:542:13:MX_GPIO_Init	40	static
../Core/Src/main.c:575:6:Error_Handler	4	static,ignoring_inline_asm
