../Core/Src/main.c:67:6:MCP23017_Init	32	static
../Core/Src/main.c:76:9:MCP23017_Read_GPIOA	32	static
../Core/Src/main.c:83:9:MCP23017_Read_GPIOB	32	static
../Core/Src/main.c:90:6:MCP23017_WriteRegister	32	static
../Core/Src/main.c:94:6:MCP23017_EnablePullUps	8	static
../Core/Src/main.c:99:6:TLC59116_Init	40	static
../Core/Src/main.c:106:6:TLC59116_LED_ON	40	static
../Core/Src/main.c:111:6:TLC59116_LED_OFF	40	static
../Core/Src/main.c:116:6:TLC59116_LED_ALL_ON	40	static
../Core/Src/main.c:130:6:TLC59116_Set_All_PWM_Mode	40	static
../Core/Src/main.c:138:6:TLC59116_Set_PWM	40	static
../Core/Src/main.c:149:5:main	16	static
../Core/Src/main.c:242:6:SystemClock_Config	72	static
../Core/Src/main.c:282:13:MX_I2C1_Init	8	static
../Core/Src/main.c:316:13:MX_GPIO_Init	40	static
../Core/Src/main.c:349:6:Error_Handler	4	static,ignoring_inline_asm
