17:47:07 **** Incremental Build of configuration Debug for project GAME_PAD ****
make -j12 all 
arm-none-eabi-gcc "../Core/Src/main.c" -mcpu=cortex-m3 -std=gnu11 -g3 -DDEBUG -DUSE_HAL_DRIVER -DSTM32F103xB -c -I"E:/Pikotech/PROJECT/FIRMWARE/GAME_PAD/GAME_PAD/Library/Inc" -I../Core/Inc -I../Drivers/STM32F1xx_HAL_Driver/Inc/Legacy -I../Drivers/STM32F1xx_HAL_Driver/Inc -I../Drivers/CMSIS/Device/ST/STM32F1xx/Include -I../Drivers/CMSIS/Include -I../USB_DEVICE/App -I../USB_DEVICE/Target -I../Middlewares/ST/STM32_USB_Device_Library/Core/Inc -I../Middlewares/ST/STM32_USB_Device_Library/Class/HID/Inc -O0 -ffunction-sections -fdata-sections -Wall -fstack-usage -fcyclomatic-complexity -MMD -MP -MF"Core/Src/main.d" -MT"Core/Src/main.o" --specs=nano.specs -mfloat-abi=soft -mthumb -o "Core/Src/main.o"
arm-none-eabi-gcc -o "GAME_PAD.elf" @"objects.list"   -mcpu=cortex-m3 -T"E:\Pikotech\PROJECT\FIRMWARE\GAME_PAD\GAME_PAD\STM32F103C8TX_FLASH.ld" --specs=nosys.specs -Wl,-Map="GAME_PAD.map" -Wl,--gc-sections -static -L"E:\Pikotech\PROJECT\FIRMWARE\GAME_PAD\GAME_PAD\Library\Inc" --specs=nano.specs -mfloat-abi=soft -mthumb -Wl,--start-group -lc -lm -Wl,--end-group
Finished building target: GAME_PAD.elf
 
arm-none-eabi-size  GAME_PAD.elf 
arm-none-eabi-objdump -h -S GAME_PAD.elf  > "GAME_PAD.list"
   text	   data	    bss	    dec	    hex	filename
  39444	    356	   3804	  43604	   aa54	GAME_PAD.elf
Finished building: default.size.stdout
 
Finished building: GAME_PAD.list
 
17:47:12 **** Incremental Build of configuration Debug for project GAME_PAD ****
make -j12 all 
arm-none-eabi-size  GAME_PAD.elf 
   text	   data	    bss	    dec	    hex	filename
  39444	    356	   3804	  43604	   aa54	GAME_PAD.elf
Finished building: default.size.stdout
 
