10:41:49 **** Incremental Build of configuration Release for project testBUTTON ****
make -j12 all 
arm-none-eabi-gcc "../Core/Src/main.c" -mcpu=cortex-m3 -std=gnu11 -DUSE_HAL_DRIVER -DSTM32F103xB -c -I../Core/Inc -I../Drivers/STM32F1xx_HAL_Driver/Inc/Legacy -I../Drivers/STM32F1xx_HAL_Driver/Inc -I../Drivers/CMSIS/Device/ST/STM32F1xx/Include -I../Drivers/CMSIS/Include -Os -ffunction-sections -fdata-sections -Wall -fstack-usage -fcyclomatic-complexity -MMD -MP -MF"Core/Src/main.d" -MT"Core/Src/main.o" --specs=nano.specs -mfloat-abi=soft -mthumb -o "Core/Src/main.o"
arm-none-eabi-gcc -o "testBUTTON.elf" @"objects.list"   -mcpu=cortex-m3 -T"E:\Pikotech\PROJECT\FIRMWARE\GAME_PAD\testBUTTON\STM32F103C8TX_FLASH.ld" --specs=nosys.specs -Wl,-Map="testBUTTON.map" -Wl,--gc-sections -static --specs=nano.specs -mfloat-abi=soft -mthumb -Wl,--start-group -lc -lm -Wl,--end-group
Finished building target: testBUTTON.elf
 
arm-none-eabi-size  testBUTTON.elf 
arm-none-eabi-objdump -h -S testBUTTON.elf  > "testBUTTON.list"
   text	   data	    bss	    dec	    hex	filename
   3008	     12	   1572	   4592	   11f0	testBUTTON.elf
Finished building: default.size.stdout
 
Finished building: testBUTTON.list
 

10:41:50 Build Finished. 0 errors, 0 warnings. (took 494ms)

